../Drivers/CMSIS/Include/core_cm4.h:1939:34:__NVIC_SystemReset	4	static,ignoring_inline_asm
../Core/Src/main.c:56:6:EXTI15_10_IRQHandler	4	static
../Core/Src/main.c:71:6:SysTick_Handler	4	static
../Core/Src/main.c:80:13:do_sys_config	8	static
../Core/Src/main.c:274:7:computeCoordinateString	24	static
../Core/Src/main.c:299:7:computeSpeedString	24	static
../Core/Src/main.c:324:6:sendEscapeSeq	16	static
../Core/Src/main.c:330:6:bufclr	24	static
../Core/Src/main.c:336:5:main	456	static
../Core/Src/main.c:816:6:delay	24	static
